using System.Collections.Generic;
using System.Linq;
using System.Net;
using System.Net.Sockets;
using Lockstep.Network;

public static class Program
{
    public static void Main()
    {
        using UdpClient server = new UdpClient(5478);
        IPEndPoint remote = new IPEndPoint(IPAddress.Any, 0);

        uint nextClientId = 1;
        uint currentTick = 0;
        Dictionary<uint, IPEndPoint> clients = new Dictionary<uint, IPEndPoint>();
        Dictionary<uint, Dictionary<uint, InputPacket>> inputsByTick = new Dictionary<uint, Dictionary<uint, InputPacket>>();

        Console.WriteLine("Server started on udp://127.0.0.1:5478");

        while (true)
        {
            byte[] data = server.Receive(ref remote);

            if (data.Length == sizeof(uint))
            {
                uint clientId = nextClientId++;
                clients[clientId] = new IPEndPoint(remote.Address, remote.Port);

                ConnectionPacket responsePacket = new ConnectionPacket
                {
                    clientId = clientId
                };

                byte[] responseData = PacketCodec.ConnectionPacketToBytes(responsePacket);
                server.Send(responseData, responseData.Length, remote);

                Console.WriteLine($"Connection established from {remote.Address}:{remote.Port}, assigned clientId={responsePacket.clientId}");
                continue;
            }

            InputPacket packet;
            try
            {
                packet = PacketCodec.BytesToInputPacket(data);
            }
            catch (Exception exception)
            {
                Console.WriteLine($"Invalid packet from {remote.Address}:{remote.Port}: {exception.Message}");
                continue;
            }

            clients[packet.clientId] = new IPEndPoint(remote.Address, remote.Port);

            if (!inputsByTick.TryGetValue(packet.tick, out Dictionary<uint, InputPacket> tickInputs))
            {
                tickInputs = new Dictionary<uint, InputPacket>();
                inputsByTick[packet.tick] = tickInputs;
            }

            tickInputs[packet.clientId] = packet;

            Console.WriteLine($"Receive input from {remote.Address}:{remote.Port}, clientId={packet.clientId}, tick={packet.tick}, input={packet.input}");

            while (TryAdvanceTick(server, clients, inputsByTick, ref currentTick))
            {
            }
        }
    }

    static bool TryAdvanceTick(
        UdpClient server,
        Dictionary<uint, IPEndPoint> clients,
        Dictionary<uint, Dictionary<uint, InputPacket>> inputsByTick,
        ref uint currentTick)
    {
        if (clients.Count == 0)
        {
            return false;
        }

        if (!inputsByTick.TryGetValue(currentTick, out Dictionary<uint, InputPacket> tickInputs))
        {
            return false;
        }

        if (tickInputs.Count < clients.Count)
        {
            return false;
        }

        FramePacket framePacket = new FramePacket
        {
            tick = currentTick,
            inputs = tickInputs.Values.OrderBy(input => input.clientId).ToArray()
        };

        foreach (IPEndPoint client in clients.Values)
        {
            SendFramePacket(server, client, framePacket);
        }

        Console.WriteLine($"Broadcast frame tick={framePacket.tick}, inputCount={framePacket.inputs.Length}");

        inputsByTick.Remove(currentTick);
        currentTick++;
        return true;
    }

    static void SendFramePacket(UdpClient server, IPEndPoint client, FramePacket framePacket)
    {
        byte[] data = PacketCodec.FramePacketToBytes(framePacket);
        server.Send(data, data.Length, client);
    }
}
